[2026-04-08 01:17:52] actor=admin | operatorId=op-admin | terminalId=32812@Asuka | requestId=req-3465bc95-b42b-4dfd-9e1d-05c8656c0258 | action=PAGE_OPEN | target=TA_WORKLOAD | detail=Opened archive management page | before=- | after=- | diff=-
[2026-04-08 01:48:34] actor=admin | operatorId=op-admin | terminalId=32812@Asuka | requestId=req-1749a3ef-9cb9-4440-ad64-7e99ca917066 | action=VIEW_PROFILE | target=TA2024001 | detail=Open detail page | before=- | after=- | diff=-
[2026-04-08 01:48:49] actor=admin | operatorId=op-admin | terminalId=32812@Asuka | requestId=req-20931062-698e-4980-a771-55c159c0e725 | action=VIEW_ARCHIVE_PROFILE | target=TA2024003 | detail=Open profile detail in-page | before=- | after=- | diff=-
[2026-04-08 01:54:19] actor=admin | operatorId=op-admin | terminalId=32812@Asuka | requestId=req-cc1eee6f-f4f7-4c1f-b3d6-4952c5fa9437 | action=VIEW_PROFILE | target=TA2024001 | detail=Open detail page | before=- | after=- | diff=-
[2026-04-08 01:55:43] actor=admin | operatorId=op-admin | terminalId=32812@Asuka | requestId=req-153eb5ab-1da3-41ed-a234-943818a10cd2 | action=VIEW_PROFILE | target=TA2024001 | detail=Open detail page | before=- | after=- | diff=-
[2026-04-08 01:55:48] actor=admin | operatorId=op-admin | terminalId=32812@Asuka | requestId=req-e64c5147-5b9d-4fe9-9c2a-52f3ca678071 | action=VIEW_PROFILE | target=TA2024001 | detail=Open detail page | before=- | after=- | diff=-
[2026-04-08 02:21:53] actor=admin | operatorId=op-admin | terminalId=32812@Asuka | requestId=req-0b62605b-ed34-40b0-a2a8-153e69533994 | action=VIEW_PROFILE | target=TA2024001 | detail=Open detail page | before=- | after=- | diff=-
[2026-04-08 02:23:11] actor=admin | operatorId=op-admin | terminalId=32812@Asuka | requestId=req-6ce4cd4f-94b7-4cd2-b922-49cc63a27db1 | action=VIEW_PROFILE | target=TA2024001 | detail=Open detail page | before=- | after=- | diff=-
[2026-04-08 02:23:20] actor=admin | operatorId=op-admin | terminalId=32812@Asuka | requestId=req-7beac65d-b70e-47f7-9aaa-897458809f3e | action=VIEW_PROFILE | target=TA2024001 | detail=Open detail page | before=- | after=- | diff=-
[2026-04-08 02:28:11] actor=admin | operatorId=op-admin | terminalId=32812@Asuka | requestId=req-b7b9241b-1805-4aa3-93be-b2d076b653ca | action=VIEW_PROFILE | target=TA2024001 | detail=Open detail page | before=- | after=- | diff=-
[2026-04-08 02:35:50] actor=admin | operatorId=op-admin | terminalId=32812@Asuka | requestId=req-6f4ca3ef-f58b-45e2-9eba-d3e0d4695a44 | action=VIEW_PROFILE | target=TA2024001 | detail=Open detail page | before=- | after=- | diff=-
[2026-04-08 02:36:02] actor=admin | operatorId=op-admin | terminalId=32812@Asuka | requestId=req-a569ecd6-27f6-4c40-9e9a-42006e9a5edd | action=VIEW_PROFILE | target=TA2024001 | detail=Open detail page | before=- | after=- | diff=-
[2026-04-08 02:38:05] actor=admin | operatorId=op-admin | terminalId=32812@Asuka | requestId=req-c073f8dc-77be-468a-9a59-6c4f77f62ea5 | action=VIEW_PROFILE | target=TA2024001 | detail=Open detail page | before=- | after=- | diff=-
[2026-04-08 02:48:26] actor=admin | operatorId=op-admin | terminalId=32812@Asuka | requestId=req-c0ecb982-ebbd-4029-8962-ee4f9ea35286 | action=NAVIGATE | target=TA_WORKLOAD_LIST | detail=Back from detail page | before=- | after=- | diff=-
[2026-04-08 02:48:40] actor=admin | operatorId=op-admin | terminalId=32812@Asuka | requestId=req-ef4c0319-3802-4654-901f-7b7111084f65 | action=VIEW_PROFILE | target=TA2024001 | detail=Open detail page | before=- | after=- | diff=-
[2026-04-08 02:49:57] actor=admin | operatorId=op-admin | terminalId=32812@Asuka | requestId=req-58518240-1c59-48b3-b3a3-80850497f4f3 | action=VIEW_PROFILE | target=TA2024001 | detail=Open detail page | before=- | after=- | diff=-
[2026-04-08 02:51:18] actor=admin | operatorId=op-admin | terminalId=32812@Asuka | requestId=req-6604038b-4834-485b-8e05-efd5adaa1a87 | action=VIEW_PROFILE | target=TA2024001 | detail=Open detail page | before=- | after=- | diff=-
[2026-04-08 17:03:13] actor=admin | operatorId=op-admin | terminalId=32812@Asuka | requestId=req-1d0a8c6f-5fa1-45ca-963a-541d2cca3bee | action=VIEW_PROFILE | target=TA2024001 | detail=Open detail page | before=- | after=- | diff=-
[2026-04-08 17:29:51] actor=admin | operatorId=op-admin | terminalId=32812@Asuka | requestId=req-86e83508-1f08-4456-8907-19c02bc4f51b | action=VIEW_PROFILE | target=TA2024001 | detail=Open detail page | before=- | after=- | diff=-
[2026-04-08 17:30:12] actor=admin | operatorId=op-admin | terminalId=32812@Asuka | requestId=req-40a87c05-38a5-429b-a789-879ec5de0f54 | action=VIEW_PROFILE | target=TA2024001 | detail=Open detail page | before=- | after=- | diff=-
[2026-04-08 17:38:37] actor=admin | operatorId=op-admin | terminalId=32812@Asuka | requestId=req-5228d06c-1761-4020-871c-1d0f0feb2ef7 | action=VIEW_PROFILE | target=TA2024001 | detail=Open detail page | before=- | after=- | diff=-
[2026-04-08 17:52:12] actor=admin | operatorId=op-admin | terminalId=32812@Asuka | requestId=req-d34c9fce-3b6c-4605-bc04-c07b16924a82 | action=VIEW_PROFILE | target=TA2024001 | detail=Open detail page | before=- | after=- | diff=-
[2026-04-08 17:52:16] actor=admin | operatorId=op-admin | terminalId=32812@Asuka | requestId=req-cf2817d3-f606-482e-9afd-cd2ab461e263 | action=VIEW_PROFILE | target=TA2024001 | detail=Open detail page | before=- | after=- | diff=-
[2026-04-08 17:52:20] actor=admin | operatorId=op-admin | terminalId=32812@Asuka | requestId=req-400f361b-bf7f-4954-a11a-881c9b3e1030 | action=VIEW_PROFILE | target=TA2024002 | detail=Open detail page | before=- | after=- | diff=-
[2026-04-08 17:57:17] actor=admin | operatorId=op-admin | terminalId=32812@Asuka | requestId=req-e5854691-3e8e-4184-8e0b-9bd8923d9f29 | action=VIEW_PROFILE | target=TA2024001 | detail=Open detail page | before=- | after=- | diff=-
[2026-04-08 18:04:56] actor=admin | operatorId=op-admin | terminalId=32812@Asuka | requestId=req-fd7b6d2c-a0e3-4f9c-8e74-1255f3d58d58 | action=VIEW_PROFILE | target=TA2024001 | detail=Open detail page | before=- | after=- | diff=-
[2026-04-08 18:07:23] actor=admin | operatorId=op-admin | terminalId=32812@Asuka | requestId=req-53d46b65-581a-4a0f-8fd0-20d5b25fd90d | action=VIEW_PROFILE | target=TA2024001 | detail=Open detail page | before=- | after=- | diff=-
[2026-04-08 18:07:29] actor=admin | operatorId=op-admin | terminalId=32812@Asuka | requestId=req-6a55b03d-c799-4254-9a6e-ae8f157dfa74 | action=VIEW_PROFILE | target=TA2024002 | detail=Open detail page | before=- | after=- | diff=-
[2026-04-08 18:15:26] actor=admin | operatorId=op-admin | terminalId=32812@Asuka | requestId=req-5df4fa3d-f907-4369-acf0-ff9c8fb6ae22 | action=VIEW_PROFILE | target=TA2024001 | detail=Open detail page | before=- | after=- | diff=-
[2026-04-08 18:23:28] actor=admin | operatorId=op-admin | terminalId=32812@Asuka | requestId=req-4551db6e-b54d-434a-ae09-6d550ef01ba9 | action=VIEW_PROFILE | target=TA2024001 | detail=Open detail page | before=- | after=- | diff=-
[2026-04-08 19:19:23] actor=admin | operatorId=op-admin | terminalId=11965@小1 | requestId=req-fabf595d-b75c-4301-a937-48c3224a6db1 | action=VIEW_PROFILE | target=TA2024003 | detail=Open detail page | before=- | after=- | diff=-
[2026-04-08 19:26:34] actor=admin | operatorId=op-admin | terminalId=32812@Asuka | requestId=req-8dfc604b-45be-4537-8884-ce8b50442105 | action=VIEW_PROFILE | target=TA2024001 | detail=Open detail page | before=- | after=- | diff=-
[2026-04-08 19:26:40] actor=admin | operatorId=op-admin | terminalId=32812@Asuka | requestId=req-c2d861d0-0fd8-4057-a64e-760edb0913d6 | action=VIEW_PROFILE | target=TA2024001 | detail=Open detail page | before=- | after=- | diff=-
[2026-04-08 19:27:55] actor=admin | operatorId=op-admin | terminalId=32812@Asuka | requestId=req-38bbe08a-0324-408c-92ce-284b485980db | action=VIEW_PROFILE | target=TA2024001 | detail=Open detail page | before=- | after=- | diff=-
[2026-04-08 19:31:10] actor=admin | operatorId=op-admin | terminalId=32812@Asuka | requestId=req-5e8ebbd0-ed02-40fc-ae9f-23026fbfb823 | action=VIEW_PROFILE | target=TA2024003 | detail=Open detail page | before=- | after=- | diff=-
[2026-04-08 19:31:21] actor=admin | operatorId=op-admin | terminalId=32812@Asuka | requestId=req-021a0e29-dd1f-4005-a289-89dd8363456e | action=VIEW_PROFILE | target=TA2024001 | detail=Open detail page | before=- | after=- | diff=-
[2026-04-08 19:31:48] actor=admin | operatorId=op-admin | terminalId=32812@Asuka | requestId=req-bf8e93b1-5687-48d0-b1a2-f46cdceb926c | action=EXPORT_CSV | target=WORKLOAD | detail=Exported rows=3 | before=- | after=- | diff=-
[2026-04-08 19:32:24] actor=admin | operatorId=op-admin | terminalId=32812@Asuka | requestId=req-88bf60fa-56c9-4ef7-8669-417e7e821da0 | action=EXPORT_CSV | target=WORKLOAD | detail=Exported rows=3 | before=- | after=- | diff=-
[2026-04-08 19:44:59] actor=admin | operatorId=op-admin | terminalId=32812@Asuka | requestId=req-79e7cb63-ff62-4015-ba92-abc9f4c36b2e | action=VIEW_PROFILE | target=TA2024003 | detail=Open detail page | before=- | after=- | diff=-
[2026-04-08 20:30:05] actor=admin | operatorId=op-admin | terminalId=32812@Asuka | requestId=req-d5dfb5f9-41ef-498f-9bc7-3f7c25d348c0 | action=VIEW_PROFILE | target=TA2024001 | detail=Open detail page | before=- | after=- | diff=-
[2026-04-08 20:33:45] actor=admin | operatorId=op-admin | terminalId=32812@Asuka | requestId=req-f098aaaf-60cf-4a84-815f-82a5c15d4d55 | action=VIEW_PROFILE | target=TA2024001 | detail=Open detail page | before=- | after=- | diff=-
[2026-04-08 20:36:26] actor=admin | operatorId=op-admin | terminalId=32812@Asuka | requestId=req-f7c013d4-e5bd-4501-a31e-3b53dfee62f8 | action=VIEW_PROFILE | target=TA2024001 | detail=Open detail page | before=- | after=- | diff=-
[2026-04-08 20:36:41] actor=admin | operatorId=op-admin | terminalId=32812@Asuka | requestId=req-1493444f-be56-4dda-b4f6-b3a6fa8b6774 | action=VIEW_PROFILE | target=TA2024001 | detail=Open detail page | before=- | after=- | diff=-
[2026-04-08 20:36:54] actor=admin | operatorId=op-admin | terminalId=32812@Asuka | requestId=req-a509f2ce-3d2c-4a0b-a793-388de80c8ebf | action=VIEW_PROFILE | target=TA2024001 | detail=Open detail page | before=- | after=- | diff=-
[2026-04-08 20:37:18] actor=admin | operatorId=op-admin | terminalId=32812@Asuka | requestId=req-4ef9c266-358b-45a9-98dc-0e3a1b6c1c63 | action=VIEW_PROFILE | target=TA2024003 | detail=Open detail page | before=- | after=- | diff=-
[2026-04-08 20:43:32] actor=admin | operatorId=op-admin | terminalId=32812@Asuka | requestId=req-49aecd2f-a8c5-4149-800e-c3c469e5909f | action=VIEW_PROFILE | target=TA2024001 | detail=Open detail page | before=- | after=- | diff=-
[2026-04-08 20:58:35] actor=admin | operatorId=op-admin | terminalId=32812@Asuka | requestId=req-06ad39cc-8727-42c0-a85c-4a5e0375c2eb | action=VIEW_PROFILE | target=TA2024001 | detail=Open detail page | before=- | after=- | diff=-
[2026-04-08 21:02:30] actor=admin | operatorId=op-admin | terminalId=32812@Asuka | requestId=req-7e819cca-5f60-4143-9f01-d8cbd98d52ac | action=VIEW_PROFILE | target=TA2024001 | detail=Open detail page | before=- | after=- | diff=-
[2026-04-08 21:02:55] actor=admin | operatorId=op-admin | terminalId=32812@Asuka | requestId=req-86c7b3d5-5f19-4f60-84eb-28bfdee0eab9 | action=VIEW_PROFILE | target=TA2024001 | detail=Open detail page | before=- | after=- | diff=-
[2026-04-08 21:21:16] actor=admin | operatorId=op-admin | terminalId=32812@Asuka | requestId=req-f2b84926-dc43-4ac0-a4d0-d9977344e3ed | action=VIEW_PROFILE | target=TA2024001 | detail=Open detail page | before=- | after=- | diff=-
[2026-04-08 23:34:13] actor=admin | operatorId=op-admin | terminalId=32812@Asuka | requestId=req-04d04be5-9e41-42b2-925e-201940641e6d | action=VIEW_PROFILE | target=TA2024001 | detail=Open detail page | before=- | after=- | diff=-
[2026-04-08 23:38:08] actor=admin | operatorId=op-admin | terminalId=32812@Asuka | requestId=req-98c35d0e-4f2a-426e-9b5e-3e24e5751191 | action=VIEW_PROFILE | target=TA2024001 | detail=Open detail page | before=- | after=- | diff=-
[2026-04-08 23:38:15] actor=admin | operatorId=op-admin | terminalId=32812@Asuka | requestId=req-38b3d8fe-8d7f-4177-bdd8-4dbbd633c437 | action=VIEW_PROFILE | target=TA2024002 | detail=Open detail page | before=- | after=- | diff=-
[2026-04-08 23:38:21] actor=admin | operatorId=op-admin | terminalId=32812@Asuka | requestId=req-821f217f-348d-436e-8f38-e2e9ec5dee88 | action=VIEW_PROFILE | target=TA2024003 | detail=Open detail page | before=- | after=- | diff=-
[2026-04-08 23:38:40] actor=admin | operatorId=op-admin | terminalId=32812@Asuka | requestId=req-a08e60d6-79ab-49f8-aab2-a40e8d4d10fd | action=VIEW_PROFILE | target=TA2024001 | detail=Open detail page | before=- | after=- | diff=-
[2026-04-08 23:40:22] actor=admin | operatorId=op-admin | terminalId=32812@Asuka | requestId=req-a59b36f6-9c3d-40c0-9318-74bd9d99dba7 | action=VIEW_PROFILE | target=TA2024001 | detail=Open detail page | before=- | after=- | diff=-
[2026-04-08 23:42:05] actor=admin | operatorId=op-admin | terminalId=32812@Asuka | requestId=req-d5b01fb3-e607-49cb-b056-3b1d30c57c5e | action=VIEW_PROFILE | target=TA2024001 | detail=Open detail page | before=- | after=- | diff=-
[2026-04-08 23:42:11] actor=admin | operatorId=op-admin | terminalId=32812@Asuka | requestId=req-560d8783-da96-4ac8-b501-4f70c4d45095 | action=VIEW_PROFILE | target=TA2024002 | detail=Open detail page | before=- | after=- | diff=-
[2026-04-08 23:43:07] actor=admin | operatorId=op-admin | terminalId=32812@Asuka | requestId=req-a1a934ef-e847-444c-bfc1-d20a47413d4d | action=VIEW_PROFILE | target=TA2024003 | detail=Open detail page | before=- | after=- | diff=-
[2026-04-08 23:43:12] actor=admin | operatorId=op-admin | terminalId=32812@Asuka | requestId=req-a19fd7d9-8928-46aa-87c7-056859045ae9 | action=VIEW_PROFILE | target=TA2024002 | detail=Open detail page | before=- | after=- | diff=-
[2026-04-08 23:43:16] actor=admin | operatorId=op-admin | terminalId=32812@Asuka | requestId=req-ee544578-5fbe-45be-9df2-4786dde5e352 | action=VIEW_PROFILE | target=TA2024001 | detail=Open detail page | before=- | after=- | diff=-
[2026-04-08 23:44:36] actor=admin | operatorId=op-admin | terminalId=32812@Asuka | requestId=req-974d6b4b-6d8d-4a53-b773-42f2721371b3 | action=VIEW_PROFILE | target=TA2024001 | detail=Open detail page | before=- | after=- | diff=-
[2026-04-08 23:46:10] actor=admin | operatorId=op-admin | terminalId=32812@Asuka | requestId=req-e239321d-5f64-4f3b-8498-527d7ef305bb | action=VIEW_PROFILE | target=TA2024003 | detail=Open detail page | before=- | after=- | diff=-
[2026-04-09 15:00:23] actor=admin | operatorId=op-admin | terminalId=32812@Asuka | requestId=req-0ad4f723-f258-4308-9e37-55de4af11bdc | action=VIEW_PROFILE | target=TA2024001 | detail=Open detail page | before=- | after=- | diff=-
[2026-04-09 15:01:02] actor=admin | operatorId=op-admin | terminalId=32812@Asuka | requestId=req-4e44584e-0975-4c7b-b230-b5151d4f1d68 | action=VIEW_PROFILE | target=TA2024001 | detail=Open detail page | before=- | after=- | diff=-
[2026-04-28 01:24:21] actor=admin | operatorId=op-admin | terminalId=35375@longmotong | requestId=req-72370121-b58b-4b20-a9ac-86effec63a7c | action=VIEW_PROFILE | target=20250033 | detail=Open detail page | before=- | after=- | diff=-
[2026-05-18 13:41:47] actor=admin | operatorId=op-admin | terminalId=32812@Asuka | requestId=req-0f0bab49-d10d-4aaf-a824-e8cb98c149fd | action=VIEW_PROFILE | target=a | detail=Open detail page | before=- | after=- | diff=-
[2026-05-18 13:41:55] actor=admin | operatorId=op-admin | terminalId=32812@Asuka | requestId=req-9a29020e-29d4-42bb-9724-59730eef6eab | action=VIEW_PROFILE | target=20230002 | detail=Open detail page | before=- | after=- | diff=-
[2026-05-18 13:42:01] actor=admin | operatorId=op-admin | terminalId=32812@Asuka | requestId=req-f68dda7f-f7ce-42af-8996-793146576c9b | action=VIEW_PROFILE | target=20230003 | detail=Open detail page | before=- | after=- | diff=-
[2026-05-18 13:42:06] actor=admin | operatorId=op-admin | terminalId=32812@Asuka | requestId=req-39320715-0cf7-4759-9dac-94924d88b760 | action=VIEW_PROFILE | target=a | detail=Open detail page | before=- | after=- | diff=-
[2026-05-18 13:42:15] actor=admin | operatorId=op-admin | terminalId=32812@Asuka | requestId=req-0315796f-d4c4-4a1d-895d-7dd9a8c0ad11 | action=VIEW_PROFILE | target=20230002 | detail=Open detail page | before=- | after=- | diff=-
[2026-05-18 13:42:31] actor=admin | operatorId=op-admin | terminalId=32812@Asuka | requestId=req-cf34d03e-a8fa-49e2-9671-e67a5044012f | action=VIEW_PROFILE | target=20230003 | detail=Open detail page | before=- | after=- | diff=-
[2026-05-18 13:42:35] actor=admin | operatorId=op-admin | terminalId=32812@Asuka | requestId=req-da2fefa8-5e13-4ef7-817d-0d1060d2fa2b | action=VIEW_PROFILE | target=20230004 | detail=Open detail page | before=- | after=- | diff=-
[2026-05-18 13:42:40] actor=admin | operatorId=op-admin | terminalId=32812@Asuka | requestId=req-bc74ad16-38a4-433a-ae6e-e5a6b90e0a88 | action=VIEW_PROFILE | target=2023213322 | detail=Open detail page | before=- | after=- | diff=-
[2026-05-18 13:42:46] actor=admin | operatorId=op-admin | terminalId=32812@Asuka | requestId=req-06c910ed-825d-4889-8654-a58ec4b69f35 | action=VIEW_PROFILE | target=202305555 | detail=Open detail page | before=- | after=- | diff=-
[2026-05-18 13:42:53] actor=admin | operatorId=op-admin | terminalId=32812@Asuka | requestId=req-7549f92f-2b89-40b5-885b-828513ab34c6 | action=VIEW_PROFILE | target=2023211113 | detail=Open detail page | before=- | after=- | diff=-
[2026-05-18 13:42:58] actor=admin | operatorId=op-admin | terminalId=32812@Asuka | requestId=req-961f1645-da25-4c4f-bcfa-4c1a59a44e4e | action=VIEW_PROFILE | target=2023211111 | detail=Open detail page | before=- | after=- | diff=-
[2026-05-18 13:43:02] actor=admin | operatorId=op-admin | terminalId=32812@Asuka | requestId=req-43ef9318-a021-46d7-a2e8-4ded45b1f40f | action=VIEW_PROFILE | target=2023219999 | detail=Open detail page | before=- | after=- | diff=-
[2026-05-18 13:43:07] actor=admin | operatorId=op-admin | terminalId=32812@Asuka | requestId=req-b820cce5-1d9f-436b-857a-e43e2db2dd62 | action=VIEW_PROFILE | target=20230003 | detail=Open detail page | before=- | after=- | diff=-
[2026-05-18 13:43:18] actor=admin | operatorId=op-admin | terminalId=32812@Asuka | requestId=req-b249f118-785f-4406-9d48-d3384b157347 | action=VIEW_PROFILE | target=20230004 | detail=Open detail page | before=- | after=- | diff=-
[2026-05-18 13:43:22] actor=admin | operatorId=op-admin | terminalId=32812@Asuka | requestId=req-cdb856fa-af76-4c1c-83ef-bf9201eb2539 | action=VIEW_PROFILE | target=20230124 | detail=Open detail page | before=- | after=- | diff=-
[2026-05-18 13:43:26] actor=admin | operatorId=op-admin | terminalId=32812@Asuka | requestId=req-0e5fffe5-4af7-41ff-81b1-05359b4d5358 | action=VIEW_PROFILE | target=20240055 | detail=Open detail page | before=- | after=- | diff=-
[2026-05-18 13:43:31] actor=admin | operatorId=op-admin | terminalId=32812@Asuka | requestId=req-3d3a3cdd-9d93-4173-9a64-a073314eb538 | action=VIEW_PROFILE | target=a | detail=Open detail page | before=- | after=- | diff=-
[2026-05-18 13:45:45] actor=admin | operatorId=op-admin | terminalId=32812@Asuka | requestId=req-f9d6a944-9293-474a-ba00-deeaa822e65c | action=VIEW_PROFILE | target=20230002 | detail=Open detail page | before=- | after=- | diff=-
[2026-05-18 13:46:00] actor=admin | operatorId=op-admin | terminalId=32812@Asuka | requestId=req-a5c679bf-8929-4eca-922c-8bd66aead8ae | action=VIEW_PROFILE | target=20230002 | detail=Open detail page | before=- | after=- | diff=-
[2026-05-18 13:46:35] actor=admin | operatorId=op-admin | terminalId=32812@Asuka | requestId=req-9ed39bbf-fea6-4b28-bf4c-49c43bb66cc7 | action=VIEW_PROFILE | target=20230002 | detail=Open detail page | before=- | after=- | diff=-
[2026-05-18 13:46:58] actor=admin | operatorId=op-admin | terminalId=32812@Asuka | requestId=req-9f2fe037-39dc-447f-b1c0-f467a1a35fa3 | action=VIEW_PROFILE | target=20230002 | detail=Open detail page | before=- | after=- | diff=-
[2026-05-18 13:51:59] actor=admin | operatorId=op-admin | terminalId=32812@Asuka | requestId=req-4d53eb6a-f2ba-4823-ad5d-46ec2f574143 | action=VIEW_PROFILE | target=a | detail=Open detail page | before=- | after=- | diff=-
[2026-05-18 13:52:18] actor=admin | operatorId=op-admin | terminalId=32812@Asuka | requestId=req-26cf4e8b-bce9-417d-a9f5-c53d9a08cb5d | action=VIEW_PROFILE | target=a | detail=Open detail page | before=- | after=- | diff=-
[2026-05-18 14:00:33] actor=admin | operatorId=op-admin | terminalId=32812@Asuka | requestId=req-b23d77d4-f053-4358-a923-9250582df756 | action=VIEW_PROFILE | target=a | detail=Open detail page | before=- | after=- | diff=-
[2026-05-18 14:00:50] actor=admin | operatorId=op-admin | terminalId=32812@Asuka | requestId=req-85b30a4c-dc73-4e36-82d4-199acc4cd5dd | action=VIEW_PROFILE | target=a | detail=Open detail page | before=- | after=- | diff=-
[2026-05-18 14:01:12] actor=admin | operatorId=op-admin | terminalId=32812@Asuka | requestId=req-fff999ca-6c49-4c8a-8130-0a577cbdaf89 | action=VIEW_PROFILE | target=a | detail=Open detail page | before=- | after=- | diff=-
[2026-05-18 14:05:51] actor=admin | operatorId=op-admin | terminalId=32812@Asuka | requestId=req-a140f10f-76c3-4ca0-ac7f-dbe3d9bdf41d | action=VIEW_PROFILE | target=20230001 | detail=Open detail page | before=- | after=- | diff=-
[2026-05-18 14:06:00] actor=admin | operatorId=op-admin | terminalId=32812@Asuka | requestId=req-77054f0a-b6bd-4df0-9526-f5d313d1f8b7 | action=VIEW_PROFILE | target=20230002 | detail=Open detail page | before=- | after=- | diff=-
[2026-05-18 14:11:52] actor=admin | operatorId=op-admin | terminalId=32812@Asuka | requestId=req-07af8c08-0e65-4f89-b353-b60d0b9dd72a | action=VIEW_PROFILE | target=20230002 | detail=Open detail page | before=- | after=- | diff=-
[2026-05-18 14:15:03] actor=admin | operatorId=op-admin | terminalId=32812@Asuka | requestId=req-70dfb787-8853-48da-8ce0-f4346d773c70 | action=VIEW_PROFILE | target=20230003 | detail=Open detail page | before=- | after=- | diff=-
[2026-05-18 14:15:07] actor=admin | operatorId=op-admin | terminalId=32812@Asuka | requestId=req-5dd03617-7d3f-4d93-a642-bed2441e363b | action=VIEW_PROFILE | target=20230004 | detail=Open detail page | before=- | after=- | diff=-
[2026-05-18 14:15:11] actor=admin | operatorId=op-admin | terminalId=32812@Asuka | requestId=req-45a93977-81fd-47d6-98ac-a65f20e10073 | action=VIEW_PROFILE | target=2023213322 | detail=Open detail page | before=- | after=- | diff=-
[2026-05-18 14:15:15] actor=admin | operatorId=op-admin | terminalId=32812@Asuka | requestId=req-c7c310e4-ff58-420d-b141-9934f6ce1b49 | action=VIEW_PROFILE | target=202305555 | detail=Open detail page | before=- | after=- | diff=-
[2026-05-18 14:15:22] actor=admin | operatorId=op-admin | terminalId=32812@Asuka | requestId=req-0548b5f3-87f9-45b6-8e65-4d07b4b2141a | action=VIEW_PROFILE | target=2023219999 | detail=Open detail page | before=- | after=- | diff=-
[2026-05-18 14:15:27] actor=admin | operatorId=op-admin | terminalId=32812@Asuka | requestId=req-9b05f78b-725d-4be4-a03a-2c336f48a793 | action=VIEW_PROFILE | target=2023211117 | detail=Open detail page | before=- | after=- | diff=-
[2026-05-18 14:15:32] actor=admin | operatorId=op-admin | terminalId=32812@Asuka | requestId=req-b7662654-43e4-4d41-97cb-02d195b027ef | action=VIEW_PROFILE | target=2023211115 | detail=Open detail page | before=- | after=- | diff=-
[2026-05-18 14:15:37] actor=admin | operatorId=op-admin | terminalId=32812@Asuka | requestId=req-98d8a23c-4546-411f-82d9-223c495e3027 | action=VIEW_PROFILE | target=2023211113 | detail=Open detail page | before=- | after=- | diff=-
[2026-05-18 14:15:41] actor=admin | operatorId=op-admin | terminalId=32812@Asuka | requestId=req-92147027-a75b-44ac-8041-8eb9d9c6bcea | action=VIEW_PROFILE | target=2023211111 | detail=Open detail page | before=- | after=- | diff=-
[2026-05-18 14:15:45] actor=admin | operatorId=op-admin | terminalId=32812@Asuka | requestId=req-e59395e2-e457-4ad1-b5cd-22520d080fcd | action=VIEW_PROFILE | target=2023218777 | detail=Open detail page | before=- | after=- | diff=-
[2026-05-18 14:15:48] actor=admin | operatorId=op-admin | terminalId=32812@Asuka | requestId=req-caf76d90-e053-4f67-943c-712a01f21766 | action=VIEW_PROFILE | target=2023219990 | detail=Open detail page | before=- | after=- | diff=-
[2026-05-18 14:15:56] actor=admin | operatorId=op-admin | terminalId=32812@Asuka | requestId=req-3e6c2aa2-7278-443b-979e-3c7b05e713ff | action=VIEW_PROFILE | target=2023218888 | detail=Open detail page | before=- | after=- | diff=-
[2026-05-18 14:16:00] actor=admin | operatorId=op-admin | terminalId=32812@Asuka | requestId=req-b95618cb-379c-4b24-8c50-a9a2dcf9a025 | action=VIEW_PROFILE | target=213808 | detail=Open detail page | before=- | after=- | diff=-
[2026-05-18 14:16:14] actor=admin | operatorId=op-admin | terminalId=32812@Asuka | requestId=req-85c96eff-a9bc-465d-9047-3efc0469e0db | action=VIEW_PROFILE | target=2023217777 | detail=Open detail page | before=- | after=- | diff=-
[2026-05-18 14:16:21] actor=admin | operatorId=op-admin | terminalId=32812@Asuka | requestId=req-9e89ac2d-1992-4399-af72-53b5a20368eb | action=VIEW_PROFILE | target=2023213633 | detail=Open detail page | before=- | after=- | diff=-
[2026-05-18 14:16:31] actor=admin | operatorId=op-admin | terminalId=32812@Asuka | requestId=req-a3c3eed3-5db5-484d-91ea-4e60daf814fb | action=VIEW_PROFILE | target=2023213322 | detail=Open detail page | before=- | after=- | diff=-
[2026-05-18 14:16:37] actor=admin | operatorId=op-admin | terminalId=32812@Asuka | requestId=req-c37bfa83-620c-4385-988a-87538138bd8b | action=VIEW_PROFILE | target=20230004 | detail=Open detail page | before=- | after=- | diff=-
[2026-05-18 14:24:26] actor=admin | operatorId=op-admin | terminalId=32812@Asuka | requestId=req-5305a659-f1ae-48b4-83b6-50fcef525f23 | action=VIEW_PROFILE | target=20230002 | detail=Open detail page | before=- | after=- | diff=-
[2026-05-18 14:24:34] actor=admin | operatorId=op-admin | terminalId=32812@Asuka | requestId=req-58c4c50c-7298-4fda-8b70-832603a675c8 | action=VIEW_PROFILE | target=20230003 | detail=Open detail page | before=- | after=- | diff=-
[2026-05-18 14:25:00] actor=admin | operatorId=op-admin | terminalId=32812@Asuka | requestId=req-7018433c-00a6-4cfd-8d4b-60aba0711e6d | action=VIEW_PROFILE | target=20230007 | detail=Open detail page | before=- | after=- | diff=-
[2026-05-18 14:25:37] actor=admin | operatorId=op-admin | terminalId=32812@Asuka | requestId=req-f1205005-b3fe-4378-bce5-8393127ea6bf | action=VIEW_PROFILE | target=20230002 | detail=Open detail page | before=- | after=- | diff=-
[2026-05-18 14:31:54] actor=admin | operatorId=op-admin | terminalId=32812@Asuka | requestId=req-8f91ee92-51ef-43d3-901a-7dec54289c8f | action=VIEW_PROFILE | target=20230002 | detail=Open detail page | before=- | after=- | diff=-
[2026-05-18 14:42:26] actor=admin | operatorId=op-admin | terminalId=32812@Asuka | requestId=req-aada11e7-02cb-48c7-94a8-032725a19546 | action=VIEW_PROFILE | target=20230003 | detail=Open detail page | before=- | after=- | diff=-
[2026-05-18 14:42:36] actor=admin | operatorId=op-admin | terminalId=32812@Asuka | requestId=req-ffe7a8b6-c368-4bce-bd36-3a631d1164af | action=VIEW_PROFILE | target=20230002 | detail=Open detail page | before=- | after=- | diff=-
[2026-05-18 14:46:41] actor=admin | operatorId=op-admin | terminalId=32812@Asuka | requestId=req-b20d9113-f027-46c9-aeaa-7c6fd833af04 | action=VIEW_PROFILE | target=20230003 | detail=Open detail page | before=- | after=- | diff=-
[2026-05-18 14:46:45] actor=admin | operatorId=op-admin | terminalId=32812@Asuka | requestId=req-890cc59b-af58-4838-9827-2fc260e01488 | action=VIEW_PROFILE | target=20230004 | detail=Open detail page | before=- | after=- | diff=-
[2026-05-18 14:46:49] actor=admin | operatorId=op-admin | terminalId=32812@Asuka | requestId=req-c7a9c438-b1b5-4439-a043-42f49bca40dd | action=VIEW_PROFILE | target=2023213322 | detail=Open detail page | before=- | after=- | diff=-
[2026-05-18 14:46:54] actor=admin | operatorId=op-admin | terminalId=32812@Asuka | requestId=req-b1c3e0e4-1991-4a45-aaa3-37a3a8177b79 | action=VIEW_PROFILE | target=2023213322 | detail=Open detail page | before=- | after=- | diff=-
[2026-05-18 14:47:01] actor=admin | operatorId=op-admin | terminalId=32812@Asuka | requestId=req-3e0f27e5-7313-4f37-89cf-b05e692f9649 | action=VIEW_PROFILE | target=2023213633 | detail=Open detail page | before=- | after=- | diff=-
[2026-05-18 14:47:05] actor=admin | operatorId=op-admin | terminalId=32812@Asuka | requestId=req-ba341cd9-299d-458e-9567-9082addd4960 | action=VIEW_PROFILE | target=2023217777 | detail=Open detail page | before=- | after=- | diff=-
[2026-05-18 14:47:22] actor=admin | operatorId=op-admin | terminalId=32812@Asuka | requestId=req-d8f16d98-d207-4880-81ef-f8ad0d3bedc6 | action=VIEW_PROFILE | target=20230003 | detail=Open detail page | before=- | after=- | diff=-
[2026-05-18 14:47:27] actor=admin | operatorId=op-admin | terminalId=32812@Asuka | requestId=req-8c42e1a2-74a6-414c-a502-d13742ec95ee | action=VIEW_PROFILE | target=20230004 | detail=Open detail page | before=- | after=- | diff=-
[2026-05-18 14:47:31] actor=admin | operatorId=op-admin | terminalId=32812@Asuka | requestId=req-e3486a7a-4a65-435f-b88d-9809375a2caf | action=VIEW_PROFILE | target=2023213322 | detail=Open detail page | before=- | after=- | diff=-
[2026-05-18 14:47:35] actor=admin | operatorId=op-admin | terminalId=32812@Asuka | requestId=req-fba92b8a-c8ef-4a0c-aa08-d117e23e0fb8 | action=VIEW_PROFILE | target=202305555 | detail=Open detail page | before=- | after=- | diff=-
[2026-05-18 14:47:40] actor=admin | operatorId=op-admin | terminalId=32812@Asuka | requestId=req-330724d5-5964-4f16-a462-db77394e7890 | action=VIEW_PROFILE | target=20230007 | detail=Open detail page | before=- | after=- | diff=-
[2026-05-18 14:47:46] actor=admin | operatorId=op-admin | terminalId=32812@Asuka | requestId=req-070f8d86-a9a0-4400-8faf-f15bb662b1f6 | action=VIEW_PROFILE | target=20230003 | detail=Open detail page | before=- | after=- | diff=-
[2026-05-18 14:47:50] actor=admin | operatorId=op-admin | terminalId=32812@Asuka | requestId=req-24698134-ebff-4db6-b11b-0d3c3ad90757 | action=VIEW_PROFILE | target=20230002 | detail=Open detail page | before=- | after=- | diff=-
[2026-05-18 14:48:46] actor=admin | operatorId=op-admin | terminalId=32812@Asuka | requestId=req-10128e2e-62b7-43b4-a04e-e212fc20aa9d | action=VIEW_PROFILE | target=20230003 | detail=Open detail page | before=- | after=- | diff=-
[2026-05-18 14:48:50] actor=admin | operatorId=op-admin | terminalId=32812@Asuka | requestId=req-c9dd9c06-c33d-4417-b2a2-40bcd1f433cd | action=VIEW_PROFILE | target=20230004 | detail=Open detail page | before=- | after=- | diff=-
[2026-05-18 14:48:53] actor=admin | operatorId=op-admin | terminalId=32812@Asuka | requestId=req-574a97c5-db45-4736-9d69-d17c5c0d4d6f | action=VIEW_PROFILE | target=2023213322 | detail=Open detail page | before=- | after=- | diff=-
[2026-05-18 14:50:44] actor=admin | operatorId=op-admin | terminalId=32812@Asuka | requestId=req-ddc77e9a-4ad8-4d1a-a0e5-61f7b701a5b0 | action=VIEW_PROFILE | target=20230002 | detail=Open detail page | before=- | after=- | diff=-
[2026-05-18 14:50:53] actor=admin | operatorId=op-admin | terminalId=32812@Asuka | requestId=req-0963f15c-0b9a-487f-9050-0382b381847b | action=VIEW_PROFILE | target=20230003 | detail=Open detail page | before=- | after=- | diff=-
[2026-05-18 14:50:57] actor=admin | operatorId=op-admin | terminalId=32812@Asuka | requestId=req-63c5677e-0f46-4d44-bd8d-220215ebe597 | action=VIEW_PROFILE | target=20230004 | detail=Open detail page | before=- | after=- | diff=-
[2026-05-18 14:51:02] actor=admin | operatorId=op-admin | terminalId=32812@Asuka | requestId=req-e729a89b-6169-4472-a975-802228155ecf | action=VIEW_PROFILE | target=20230001 | detail=Open detail page | before=- | after=- | diff=-
[2026-05-18 14:51:09] actor=admin | operatorId=op-admin | terminalId=32812@Asuka | requestId=req-59481baa-3ad9-43d2-8f49-3a82b606bc04 | action=VIEW_PROFILE | target=20230002 | detail=Open detail page | before=- | after=- | diff=-
[2026-05-18 14:51:21] actor=admin | operatorId=op-admin | terminalId=32812@Asuka | requestId=req-e6b68220-8226-4978-8db0-e7e73f7bd412 | action=VIEW_PROFILE | target=20230003 | detail=Open detail page | before=- | after=- | diff=-
[2026-05-18 14:51:25] actor=admin | operatorId=op-admin | terminalId=32812@Asuka | requestId=req-5039685e-b9cb-4438-9d22-1db87b67dff1 | action=VIEW_PROFILE | target=20230004 | detail=Open detail page | before=- | after=- | diff=-
[2026-05-18 15:06:02] actor=admin | operatorId=op-admin | terminalId=32812@Asuka | requestId=req-0b3319dc-4361-441f-9b35-976ce6ffe220 | action=EXPORT_CSV | target=WORKLOAD | detail=Exported rows=26 | before=- | after=- | diff=-
[2026-05-18 15:07:46] actor=admin | operatorId=op-admin | terminalId=32812@Asuka | requestId=req-0ffbdcaf-b4aa-42fe-b476-b3ee027d27a9 | action=VIEW_PROFILE | target=20230002 | detail=Open detail page | before=- | after=- | diff=-
[2026-05-18 15:08:32] actor=admin | operatorId=op-admin | terminalId=32812@Asuka | requestId=req-82ed551c-7dbb-4ab0-990c-1aa2ad518073 | action=VIEW_PROFILE | target=20230001 | detail=Open detail page | before=- | after=- | diff=-
[2026-05-18 15:08:36] actor=admin | operatorId=op-admin | terminalId=32812@Asuka | requestId=req-099c6421-830d-4ae9-bb01-fe9e801689dc | action=VIEW_PROFILE | target=20230002 | detail=Open detail page | before=- | after=- | diff=-
[2026-05-18 15:08:41] actor=admin | operatorId=op-admin | terminalId=32812@Asuka | requestId=req-58064a18-81ff-45b8-a568-14defcc281af | action=VIEW_PROFILE | target=20230001 | detail=Open detail page | before=- | after=- | diff=-
[2026-05-18 15:08:49] actor=admin | operatorId=op-admin | terminalId=32812@Asuka | requestId=req-4621d0ae-24ea-4c54-9d2f-eb5886e0271f | action=VIEW_PROFILE | target=2023213322 | detail=Open detail page | before=- | after=- | diff=-
[2026-05-18 15:12:05] actor=admin | operatorId=op-admin | terminalId=32812@Asuka | requestId=req-f623f9b5-130f-4542-889b-1b7196fd09f9 | action=VIEW_PROFILE | target=20230002 | detail=Open detail page | before=- | after=- | diff=-
[2026-05-18 15:13:20] actor=admin | operatorId=op-admin | terminalId=32812@Asuka | requestId=req-2724829f-f59d-402e-93ed-968255cd14a6 | action=VIEW_PROFILE | target=2023213322 | detail=Open detail page | before=- | after=- | diff=-
[2026-05-21 23:35:58] actor=admin | operatorId=op-admin | terminalId=HUAWEI@LAPTOP-F1R36P2H | requestId=req-151b717c-199c-45ce-ad4a-254760260da8 | action=VIEW_PROFILE | target=20230003 | detail=Open detail page | before=- | after=- | diff=-
